[demo.bosathemes.com/html/travele/index.html]
[demo.bosathemes.com/html/travele/assets/images/favicon.png]
[demo.bosathemes.com/html/travele/assets/vendors/bootstrap/css/bootstrap.min.css]
[demo.bosathemes.com/html/travele/assets/vendors/fontawesome/css/all.min.css]
[demo.bosathemes.com/html/travele/assets/vendors/jquery-ui/jquery-ui.min.css]
[demo.bosathemes.com/html/travele/assets/vendors/modal-video/modal-video.min.css]
[demo.bosathemes.com/html/travele/assets/vendors/lightbox/dist/css/lightbox.min.css]
[demo.bosathemes.com/html/travele/assets/vendors/slick/slick.css]
[demo.bosathemes.com/html/travele/assets/vendors/slick/slick-theme.css]
[backblue.gif]
[fade.gif]
[index.html]
[demo.bosathemes.com/html/travele/style.css]
[demo.bosathemes.com/html/travele/assets/images/loader1.gif]
[demo.bosathemes.com/html/travele/assets/images/travele-logo.png]
[demo.bosathemes.com/html/travele/assets/images/travele-logo1.png]
[demo.bosathemes.com/html/travele/index-v2.html]
[demo.bosathemes.com/html/travele/destination.html]
[demo.bosathemes.com/html/travele/tour-packages.html]
[demo.bosathemes.com/html/travele/package-offer.html]
[demo.bosathemes.com/html/travele/package-detail.html]
[demo.bosathemes.com/html/travele/tour-cart.html]
[demo.bosathemes.com/html/travele/booking.html]
[demo.bosathemes.com/html/travele/confirmation.html]
[demo.bosathemes.com/html/travele/about.html]
[demo.bosathemes.com/html/travele/service.html]
[demo.bosathemes.com/html/travele/career.html]
[demo.bosathemes.com/html/travele/career-detail.html]
[demo.bosathemes.com/html/travele/tour-guide.html]
[demo.bosathemes.com/html/travele/gallery.html]
[demo.bosathemes.com/html/travele/single-page.html]
[demo.bosathemes.com/html/travele/faq.html]
[demo.bosathemes.com/html/travele/testimonial-page.html]
[demo.bosathemes.com/html/travele/popup.html]
[demo.bosathemes.com/html/travele/search-page.html]
[demo.bosathemes.com/html/travele/404.html]
[demo.bosathemes.com/html/travele/comming-soon.html]
[demo.bosathemes.com/html/travele/contact.html]
[demo.bosathemes.com/html/travele/wishlist-page.html]
[demo.bosathemes.com/html/travele/product-right.html]
[demo.bosathemes.com/html/travele/product-detail.html]
[demo.bosathemes.com/html/travele/product-cart.html]
[demo.bosathemes.com/html/travele/product-checkout.html]
[demo.bosathemes.com/html/travele/blog-archive.html]
[demo.bosathemes.com/html/travele/blog-archive-left.html]
[demo.bosathemes.com/html/travele/blog-archive-both.html]
[demo.bosathemes.com/html/travele/blog-single.html]
[demo.bosathemes.com/html/travele/admin/dashboard.html]
[demo.bosathemes.com/html/travele/admin/user.html]
[demo.bosathemes.com/html/travele/admin/user-edit.html]
[demo.bosathemes.com/html/travele/admin/new-user.html]
[demo.bosathemes.com/html/travele/admin/db-booking.html]
[demo.bosathemes.com/html/travele/admin/db-package.html]
[demo.bosathemes.com/html/travele/admin/db-package-active.html]
[demo.bosathemes.com/html/travele/admin/db-package-pending.html]
[demo.bosathemes.com/html/travele/admin/db-package-expired.html]
[demo.bosathemes.com/html/travele/admin/db-comment.html]
[demo.bosathemes.com/html/travele/admin/db-wishlist.html]
[demo.bosathemes.com/html/travele/admin/login.html]
[demo.bosathemes.com/html/travele/admin/forgot.html]
[demo.bosathemes.com/html/travele/assets/images/slider-banner-1.jpg]
[demo.bosathemes.com/html/travele/assets/images/slider-banner-2.jpg]
[demo.bosathemes.com/html/travele/assets/images/img1.jpg]
[demo.bosathemes.com/html/travele/assets/images/img2.jpg]
[demo.bosathemes.com/html/travele/assets/images/img3.jpg]
[demo.bosathemes.com/html/travele/assets/images/img4.jpg]
[demo.bosathemes.com/html/travele/assets/images/img5.jpg]
[demo.bosathemes.com/html/travele/assets/images/img6.jpg]
[demo.bosathemes.com/html/travele/assets/images/img7.jpg]
[demo.bosathemes.com/html/travele/assets/images/img8.jpg]
[demo.bosathemes.com/html/travele/assets/images/icon1.png]
[demo.bosathemes.com/html/travele/assets/images/icon2.png]
[demo.bosathemes.com/html/travele/assets/images/icon3.png]
[demo.bosathemes.com/html/travele/assets/images/icon4.png]
[demo.bosathemes.com/html/travele/assets/images/icon5.png]
[demo.bosathemes.com/html/travele/assets/images/icon6.png]
[demo.bosathemes.com/html/travele/assets/images/icon10.png]
[demo.bosathemes.com/html/travele/assets/images/icon9.png]
[demo.bosathemes.com/html/travele/assets/images/icon8.png]
[demo.bosathemes.com/html/travele/assets/images/icon7.png]
[demo.bosathemes.com/html/travele/assets/images/icon11.png]
[demo.bosathemes.com/html/travele/assets/images/img9.jpg]
[demo.bosathemes.com/html/travele/assets/images/img10.jpg]
[demo.bosathemes.com/html/travele/assets/images/img11.jpg]
[demo.bosathemes.com/html/travele/assets/images/img12.jpg]
[demo.bosathemes.com/html/travele/assets/images/img13.jpg]
[demo.bosathemes.com/html/travele/assets/images/img14.jpg]
[demo.bosathemes.com/html/travele/assets/images/img15.jpg]
[demo.bosathemes.com/html/travele/assets/images/logo1.png]
[demo.bosathemes.com/html/travele/assets/images/logo2.png]
[demo.bosathemes.com/html/travele/assets/images/logo3.png]
[demo.bosathemes.com/html/travele/assets/images/logo4.png]
[demo.bosathemes.com/html/travele/assets/images/logo5.png]
[demo.bosathemes.com/html/travele/assets/images/img16.jpg]
[demo.bosathemes.com/html/travele/assets/images/img17.jpg]
[demo.bosathemes.com/html/travele/assets/images/img18.jpg]
[demo.bosathemes.com/html/travele/assets/images/img19.jpg]
[demo.bosathemes.com/html/travele/assets/images/img23.jpg]
[demo.bosathemes.com/html/travele/assets/images/img20.jpg]
[demo.bosathemes.com/html/travele/assets/images/img21.jpg]
[demo.bosathemes.com/html/travele/assets/images/img22.jpg]
[demo.bosathemes.com/html/travele/assets/images/img24.jpg]
[demo.bosathemes.com/html/travele/assets/images/icon12.png]
[demo.bosathemes.com/html/travele/assets/images/icon13.png]
[demo.bosathemes.com/html/travele/assets/images/icon14.png]
[demo.bosathemes.com/html/travele/assets/images/logo6.png]
[demo.bosathemes.com/cdn-cgi/scripts/5c5dd728/cloudflare-static/email-decode.min.js]
[demo.bosathemes.com/html/travele/assets/js/jquery.js]
[cdnjs.cloudflare.com/ajax/libs/waypoints/2.0.3/waypoints.min.js]
[demo.bosathemes.com/html/travele/assets/vendors/bootstrap/js/bootstrap.min.js]
[demo.bosathemes.com/html/travele/assets/vendors/jquery-ui/jquery-ui.min.js]
[demo.bosathemes.com/html/travele/assets/vendors/countdown-date-loop-counter/loopcounter.js]
[demo.bosathemes.com/html/travele/assets/js/jquery.counterup.js]
[demo.bosathemes.com/html/travele/assets/vendors/modal-video/jquery-modal-video.min.js]
[demo.bosathemes.com/html/travele/assets/vendors/masonry/masonry.pkgd.min.js]
[demo.bosathemes.com/html/travele/assets/vendors/lightbox/dist/js/lightbox.min.js]
[demo.bosathemes.com/html/travele/assets/vendors/slick/slick.min.js]
[demo.bosathemes.com/html/travele/assets/js/jquery.slicknav.js]
[demo.bosathemes.com/html/travele/assets/js/custom.min.js]
[demo.bosathemes.com/html/travele/index.html]
[demo.bosathemes.com/cdn-cgi/challenge-platform/h/g/scripts/jsd/d0ff3ebede6b/main.js]
[demo.bosathemes.com/html/travele/assets/vendors/bootstrap/css/bootstrap.min.css]
[demo.bosathemes.com/html/travele/assets/vendors/fontawesome/webfonts/fa-brands-400.eot]
[demo.bosathemes.com/html/travele/assets/vendors/fontawesome/webfonts/fa-brands-400d41d.eot]
[demo.bosathemes.com/html/travele/assets/vendors/fontawesome/webfonts/fa-brands-400.woff2]
[demo.bosathemes.com/html/travele/assets/vendors/fontawesome/webfonts/fa-brands-400.woff]
[demo.bosathemes.com/html/travele/assets/vendors/fontawesome/webfonts/fa-brands-400.ttf]
[demo.bosathemes.com/html/travele/assets/vendors/fontawesome/webfonts/fa-brands-400.svg]
[demo.bosathemes.com/html/travele/assets/vendors/fontawesome/webfonts/fa-regular-400.eot]
[demo.bosathemes.com/html/travele/assets/vendors/fontawesome/webfonts/fa-regular-400d41d.eot]
[demo.bosathemes.com/html/travele/assets/vendors/fontawesome/webfonts/fa-regular-400.woff2]
[demo.bosathemes.com/html/travele/assets/vendors/fontawesome/webfonts/fa-regular-400.woff]
[demo.bosathemes.com/html/travele/assets/vendors/fontawesome/webfonts/fa-regular-400.ttf]
[demo.bosathemes.com/html/travele/assets/vendors/fontawesome/webfonts/fa-regular-400.svg]
[demo.bosathemes.com/html/travele/assets/vendors/fontawesome/webfonts/fa-solid-900.eot]
[demo.bosathemes.com/html/travele/assets/vendors/fontawesome/webfonts/fa-solid-900d41d.eot]
[demo.bosathemes.com/html/travele/assets/vendors/fontawesome/webfonts/fa-solid-900.woff2]
[demo.bosathemes.com/html/travele/assets/vendors/fontawesome/webfonts/fa-solid-900.woff]
[demo.bosathemes.com/html/travele/assets/vendors/fontawesome/webfonts/fa-solid-900.ttf]
[demo.bosathemes.com/html/travele/assets/vendors/fontawesome/css/all.min.css]
[demo.bosathemes.com/html/travele/assets/vendors/fontawesome/webfonts/fa-solid-900.svg]
[demo.bosathemes.com/html/travele/assets/vendors/jquery-ui/images/ui-icons_444444_256x240.png]
[demo.bosathemes.com/html/travele/assets/vendors/jquery-ui/images/ui-icons_555555_256x240.png]
[demo.bosathemes.com/html/travele/assets/vendors/jquery-ui/images/ui-icons_ffffff_256x240.png]
[demo.bosathemes.com/html/travele/assets/vendors/jquery-ui/images/ui-icons_777620_256x240.png]
[demo.bosathemes.com/html/travele/assets/vendors/jquery-ui/images/ui-icons_cc0000_256x240.png]
[demo.bosathemes.com/html/travele/assets/vendors/jquery-ui/images/ui-icons_777777_256x240.png]
[demo.bosathemes.com/html/travele/assets/vendors/jquery-ui/jquery-ui.min.css]
[demo.bosathemes.com/html/travele/assets/vendors/modal-video/modal-video.min.css]
[demo.bosathemes.com/html/travele/assets/vendors/lightbox/dist/images/loading.gif]
[demo.bosathemes.com/html/travele/assets/vendors/lightbox/dist/css/lightbox.min.css]
[demo.bosathemes.com/html/travele/assets/vendors/slick/slick.css]
[demo.bosathemes.com/html/travele/assets/vendors/slick/ajax-loader.gif]
[demo.bosathemes.com/html/travele/assets/vendors/slick/fonts/slick.eot]
[demo.bosathemes.com/html/travele/assets/vendors/slick/fonts/slickd41d.eot]
[demo.bosathemes.com/html/travele/assets/vendors/slick/fonts/slick.woff]
[demo.bosathemes.com/html/travele/assets/vendors/slick/fonts/slick.ttf]
[demo.bosathemes.com/html/travele/assets/vendors/slick/slick-theme.css]
[demo.bosathemes.com/html/travele/assets/vendors/slick/fonts/slick.svg]
[demo.bosathemes.com/html/travele/assets/images/slider-pattern.png]
[demo.bosathemes.com/html/travele/assets/images/banner-pattern.png]
[demo.bosathemes.com/html/travele/assets/images/icon18.png]
[demo.bosathemes.com/html/travele/style.css]
[demo.bosathemes.com/html/travele/assets/images/img50.jpg]
[demo.bosathemes.com/html/travele/assets/images/img51.jpg]
[demo.bosathemes.com/html/travele/assets/images/img34.jpg]
[demo.bosathemes.com/html/travele/assets/images/icon15.png]
[demo.bosathemes.com/html/travele/assets/images/icon16.png]
[demo.bosathemes.com/html/travele/assets/images/icon17.png]
[demo.bosathemes.com/html/travele/assets/images/logo7.png]
[demo.bosathemes.com/html/travele/assets/images/logo8.png]
[demo.bosathemes.com/html/travele/assets/images/logo9.png]
[demo.bosathemes.com/html/travele/assets/images/logo10.png]
[demo.bosathemes.com/html/travele/assets/images/logo11.png]
[demo.bosathemes.com/html/travele/assets/images/img29.jpg]
[demo.bosathemes.com/html/travele/assets/images/img44.png]
[demo.bosathemes.com/html/travele/assets/images/img45.png]
[demo.bosathemes.com/html/travele/assets/images/img46.png]
[demo.bosathemes.com/html/travele/assets/images/img47.png]
[demo.bosathemes.com/html/travele/assets/images/img48.png]
[demo.bosathemes.com/html/travele/assets/images/img49.png]
[demo.bosathemes.com/html/travele/assets/images/img28.jpg]
[demo.bosathemes.com/html/travele/assets/images/img38.jpg]
[demo.bosathemes.com/html/travele/assets/images/img42.jpg]
[demo.bosathemes.com/html/travele/assets/images/img43.jpg]
[demo.bosathemes.com/html/travele/assets/images/img39.jpg]
[demo.bosathemes.com/html/travele/assets/images/img26.jpg]
[demo.bosathemes.com/html/travele/index-v2.html]
[demo.bosathemes.com/html/travele/assets/images/inner-banner.jpg]
[demo.bosathemes.com/html/travele/destination.html]
[demo.bosathemes.com/html/travele/tour-packages.html]
[demo.bosathemes.com/html/travele/package-offer.html]
[demo.bosathemes.com/html/travele/assets/images/img27.jpg]
[demo.bosathemes.com/html/travele/assets/images/img32.jpg]
[demo.bosathemes.com/html/travele/assets/images/img33.jpg]
[demo.bosathemes.com/html/travele/package-detail.html]
[demo.bosathemes.com/html/travele/tour-cart.html]
[demo.bosathemes.com/html/travele/assets/images/cards.png]
[demo.bosathemes.com/html/travele/assets/images/icon_ccv.gif]
[demo.bosathemes.com/html/travele/assets/images/paypal_bt.png]
[demo.bosathemes.com/html/travele/booking.html]
[demo.bosathemes.com/html/travele/confirmation.html]
[demo.bosathemes.com/html/travele/assets/images/img25.jpg]
[demo.bosathemes.com/html/travele/about.html]
[demo.bosathemes.com/html/travele/assets/images/img30.jpg]
[demo.bosathemes.com/html/travele/assets/images/img31.jpg]
[demo.bosathemes.com/html/travele/service.html]
[demo.bosathemes.com/html/travele/assets/images/icon19.png]
[demo.bosathemes.com/html/travele/assets/images/icon20.png]
[demo.bosathemes.com/html/travele/assets/images/icon21.png]
[demo.bosathemes.com/html/travele/career.html]
[demo.bosathemes.com/html/travele/career-detail.html]
[demo.bosathemes.com/html/travele/assets/images/img40.jpg]
[demo.bosathemes.com/html/travele/assets/images/img41.jpg]
[demo.bosathemes.com/html/travele/tour-guide.html]
[demo.bosathemes.com/html/travele/assets/images/gallery-1.jpg]
[demo.bosathemes.com/html/travele/assets/images/gallery-2.jpg]
[demo.bosathemes.com/html/travele/assets/images/gallery-3.jpg]
[demo.bosathemes.com/html/travele/assets/images/gallery-4.jpg]
[demo.bosathemes.com/html/travele/assets/images/gallery-5.jpg]
[demo.bosathemes.com/html/travele/assets/images/gallery-6.jpg]
[demo.bosathemes.com/html/travele/assets/images/gallery-7.jpg]
[demo.bosathemes.com/html/travele/assets/images/gallery-8.jpg]
[demo.bosathemes.com/html/travele/gallery.html]
[demo.bosathemes.com/html/travele/single-page.html]
[demo.bosathemes.com/html/travele/assets/images/img37.jpg]
[demo.bosathemes.com/html/travele/faq.html]
[demo.bosathemes.com/html/travele/testimonial-page.html]
[demo.bosathemes.com/html/travele/assets/images/img52.png]
[demo.bosathemes.com/html/travele/popup.html]
[demo.bosathemes.com/html/travele/search-page.html]
[demo.bosathemes.com/html/travele/assets/images/404-img.jpg]
[demo.bosathemes.com/html/travele/404.html]
[demo.bosathemes.com/html/travele/comming-soon.html]
[demo.bosathemes.com/html/travele/contact.html]
[demo.bosathemes.com/html/travele/wishlist-page.html]
[demo.bosathemes.com/html/travele/assets/images/product1.jpg]
[demo.bosathemes.com/html/travele/assets/images/product2.jpg]
[demo.bosathemes.com/html/travele/assets/images/product3.jpg]
[demo.bosathemes.com/html/travele/assets/images/product4.jpg]
[demo.bosathemes.com/html/travele/assets/images/product5.jpg]
[demo.bosathemes.com/html/travele/assets/images/product6.jpg]
[demo.bosathemes.com/html/travele/assets/images/product7.jpg]
[demo.bosathemes.com/html/travele/assets/images/product8.jpg]
[demo.bosathemes.com/html/travele/product-right.html]
[demo.bosathemes.com/html/travele/product-detail.html]
[demo.bosathemes.com/html/travele/product-cart.html]
[demo.bosathemes.com/html/travele/product-checkout.html]
[demo.bosathemes.com/html/travele/assets/images/img35.jpg]
[demo.bosathemes.com/html/travele/assets/images/img36.jpg]
[demo.bosathemes.com/html/travele/blog-archive.html]
[demo.bosathemes.com/html/travele/blog-archive-left.html]
[demo.bosathemes.com/html/travele/blog-archive-both.html]
[demo.bosathemes.com/html/travele/assets/images/user-img.png]
[demo.bosathemes.com/html/travele/blog-single.html]
[demo.bosathemes.com/html/travele/admin/assets/css/bootstrap.min.css]
[demo.bosathemes.com/html/travele/admin/assets/css/all.min.css]
[demo.bosathemes.com/html/travele/admin/style.css]
[demo.bosathemes.com/html/travele/admin/assets/images/logo.png]
[demo.bosathemes.com/html/travele/admin/assets/images/comment.jpg]
[demo.bosathemes.com/html/travele/admin/assets/images/comment2.jpg]
[demo.bosathemes.com/html/travele/admin/assets/images/comment3.jpg]
[demo.bosathemes.com/html/travele/admin/assets/images/comment4.jpg]
[demo.bosathemes.com/html/travele/admin/assets/images/comment5.jpg]
[demo.bosathemes.com/html/travele/admin/assets/images/comment6.jpg]
[demo.bosathemes.com/html/travele/admin/db-add-package.html]
[demo.bosathemes.com/html/travele/admin/assets/js/jquery-3.2.1.min.js]
[cdn.jsdelivr.net/npm/popper.js@1.16.0/dist/umd/popper.min.js]
[demo.bosathemes.com/html/travele/admin/assets/js/bootstrap.min.js]
[demo.bosathemes.com/html/travele/admin/assets/js/canvasjs.min.js]
[demo.bosathemes.com/html/travele/admin/assets/js/chart.js]
[demo.bosathemes.com/html/travele/admin/assets/js/counterup.min.js]
[demo.bosathemes.com/html/travele/admin/assets/js/jquery.slicknav.js]
[demo.bosathemes.com/html/travele/admin/dashboard.html]
[demo.bosathemes.com/html/travele/admin/user.html]
[demo.bosathemes.com/html/travele/admin/user-edit.html]
[demo.bosathemes.com/html/travele/admin/new-user.html]
[demo.bosathemes.com/html/travele/admin/assets/js/dashboard-custom.js]
[demo.bosathemes.com/html/travele/admin/db-booking.html]
[demo.bosathemes.com/html/travele/admin/db-package.html]
[demo.bosathemes.com/html/travele/admin/db-package-active.html]
[demo.bosathemes.com/html/travele/admin/db-package-pending.html]
[demo.bosathemes.com/html/travele/admin/db-package-expired.html]
[demo.bosathemes.com/html/travele/admin/assets/images/testi-img1-150x150.jpg]
[demo.bosathemes.com/html/travele/admin/assets/images/testi-img2-150x150.jpg]
[demo.bosathemes.com/html/travele/admin/assets/images/testi-img3-150x150.jpg]
[demo.bosathemes.com/html/travele/admin/db-comment.html]
[demo.bosathemes.com/html/travele/admin/assets/images/img25.jpg]
[demo.bosathemes.com/html/travele/admin/assets/images/img26.jpg]
[demo.bosathemes.com/html/travele/admin/assets/images/img27.jpg]
[demo.bosathemes.com/html/travele/admin/db-wishlist.html]
[demo.bosathemes.com/html/travele/admin/assets/images/bg.jpg]
[demo.bosathemes.com/html/travele/admin/login.html]
[demo.bosathemes.com/html/travele/admin/forgot.html]
[demo.bosathemes.com/html/travele/assets/vendors/fontawesome/webfonts/fa-brands-400.svg]
[demo.bosathemes.com/html/travele/assets/vendors/fontawesome/webfonts/fa-regular-400.svg]
[demo.bosathemes.com/html/travele/assets/vendors/fontawesome/webfonts/fa-solid-900.svg]
[demo.bosathemes.com/html/travele/assets/vendors/jquery-ui/images/ui-icons_444444_256x240.html]
[demo.bosathemes.com/html/travele/assets/vendors/jquery-ui/images/ui-icons_555555_256x240.html]
[demo.bosathemes.com/html/travele/assets/vendors/jquery-ui/images/ui-icons_ffffff_256x240.html]
[demo.bosathemes.com/html/travele/assets/vendors/jquery-ui/images/ui-icons_777620_256x240.html]
[demo.bosathemes.com/html/travele/assets/vendors/jquery-ui/images/ui-icons_cc0000_256x240.html]
[demo.bosathemes.com/html/travele/assets/vendors/jquery-ui/images/ui-icons_777777_256x240.html]
[demo.bosathemes.com/html/travele/assets/vendors/slick/fonts/slick.svg]
[demo.bosathemes.com/html/travele/assets/images/paypal_bt.html]
[demo.bosathemes.com/html/travele/admin/assets/css/bootstrap.min.css]
[demo.bosathemes.com/html/travele/admin/assets/webfonts/fa-brands-400.eot]
[demo.bosathemes.com/html/travele/admin/assets/webfonts/fa-brands-400d41d.eot]
[demo.bosathemes.com/html/travele/admin/assets/webfonts/fa-brands-400.woff2]
[demo.bosathemes.com/html/travele/admin/assets/webfonts/fa-brands-400.woff]
[demo.bosathemes.com/html/travele/admin/assets/webfonts/fa-brands-400.ttf]
[demo.bosathemes.com/html/travele/admin/assets/webfonts/fa-brands-400.svg]
[demo.bosathemes.com/html/travele/admin/assets/webfonts/fa-regular-400.eot]
[demo.bosathemes.com/html/travele/admin/assets/webfonts/fa-regular-400d41d.eot]
[demo.bosathemes.com/html/travele/admin/assets/webfonts/fa-regular-400.woff2]
[demo.bosathemes.com/html/travele/admin/assets/webfonts/fa-regular-400.woff]
[demo.bosathemes.com/html/travele/admin/assets/webfonts/fa-regular-400.ttf]
[demo.bosathemes.com/html/travele/admin/assets/webfonts/fa-regular-400.svg]
[demo.bosathemes.com/html/travele/admin/assets/webfonts/fa-solid-900.eot]
[demo.bosathemes.com/html/travele/admin/assets/webfonts/fa-solid-900d41d.eot]
[demo.bosathemes.com/html/travele/admin/assets/webfonts/fa-solid-900.woff2]
[demo.bosathemes.com/html/travele/admin/assets/webfonts/fa-solid-900.woff]
[demo.bosathemes.com/html/travele/admin/assets/webfonts/fa-solid-900.ttf]
[demo.bosathemes.com/html/travele/admin/assets/css/all.min.css]
[demo.bosathemes.com/html/travele/admin/assets/webfonts/fa-solid-900.svg]
[demo.bosathemes.com/html/travele/admin/assets/images/arrow.png]
[demo.bosathemes.com/html/travele/admin/style.css]
[demo.bosathemes.com/html/travele/admin/db-add-package.html]
[demo.bosathemes.com/html/travele/admin/assets/webfonts/fa-brands-400.svg]
[demo.bosathemes.com/html/travele/admin/assets/webfonts/fa-regular-400.svg]
[demo.bosathemes.com/html/travele/admin/assets/webfonts/fa-solid-900.svg]
